// Jest Snapshot v1, https://goo.gl/fbAQLP

exports[`define folders for flat-files should define routes for flat-files with folders 1`] = `
Object {
  "routes/_auth+/forgot-password": Object {
    "caseSensitive": undefined,
    "file": "routes/_auth+/forgot-password.tsx",
    "id": "routes/_auth+/forgot-password",
    "index": undefined,
    "parentId": "root",
    "path": "forgot-password",
  },
  "routes/_auth+/login": Object {
    "caseSensitive": undefined,
    "file": "routes/_auth+/login.tsx",
    "id": "routes/_auth+/login",
    "index": undefined,
    "parentId": "root",
    "path": "login",
  },
  "routes/_public+/_layout": Object {
    "caseSensitive": undefined,
    "file": "routes/_public+/_layout.tsx",
    "id": "routes/_public+/_layout",
    "index": undefined,
    "parentId": "root",
    "path": undefined,
  },
  "routes/_public+/about": Object {
    "caseSensitive": undefined,
    "file": "routes/_public+/about.tsx",
    "id": "routes/_public+/about",
    "index": undefined,
    "parentId": "routes/_public+/_layout",
    "path": "about",
  },
  "routes/_public+/contact[.jpg]": Object {
    "caseSensitive": undefined,
    "file": "routes/_public+/contact[.jpg].tsx",
    "id": "routes/_public+/contact[.jpg]",
    "index": undefined,
    "parentId": "routes/_public+/_layout",
    "path": "contact.jpg",
  },
  "routes/_public+/index": Object {
    "caseSensitive": undefined,
    "file": "routes/_public+/index.tsx",
    "id": "routes/_public+/index",
    "index": true,
    "parentId": "routes/_public+/_layout",
    "path": undefined,
  },
  "routes/users+/$userId": Object {
    "caseSensitive": undefined,
    "file": "routes/users+/$userId.tsx",
    "id": "routes/users+/$userId",
    "index": undefined,
    "parentId": "routes/users+/route",
    "path": ":userId",
  },
  "routes/users+/$userId_.edit": Object {
    "caseSensitive": undefined,
    "file": "routes/users+/$userId_.edit.tsx",
    "id": "routes/users+/$userId_.edit",
    "index": undefined,
    "parentId": "routes/users+/route",
    "path": ":userId/edit",
  },
  "routes/users+/_layout": Object {
    "caseSensitive": undefined,
    "file": "routes/users+/_layout.tsx",
    "id": "routes/users+/_layout",
    "index": undefined,
    "parentId": "root",
    "path": "users",
  },
  "routes/users+/route": Object {
    "caseSensitive": undefined,
    "file": "routes/users+/route.tsx",
    "id": "routes/users+/route",
    "index": undefined,
    "parentId": "root",
    "path": "users",
  },
}
`;

exports[`define folders for flat-files with overridden nested folder character should define routes for flat-files with folders 1`] = `
Object {
  "routes/_auth-/forgot-password": Object {
    "caseSensitive": undefined,
    "file": "routes/_auth-/forgot-password.tsx",
    "id": "routes/_auth-/forgot-password",
    "index": undefined,
    "parentId": "root",
    "path": "forgot-password",
  },
  "routes/_auth-/login": Object {
    "caseSensitive": undefined,
    "file": "routes/_auth-/login.tsx",
    "id": "routes/_auth-/login",
    "index": undefined,
    "parentId": "root",
    "path": "login",
  },
  "routes/_public-/_layout": Object {
    "caseSensitive": undefined,
    "file": "routes/_public-/_layout.tsx",
    "id": "routes/_public-/_layout",
    "index": undefined,
    "parentId": "root",
    "path": undefined,
  },
  "routes/_public-/about": Object {
    "caseSensitive": undefined,
    "file": "routes/_public-/about.tsx",
    "id": "routes/_public-/about",
    "index": undefined,
    "parentId": "routes/_public-/_layout",
    "path": "about",
  },
  "routes/_public-/contact[.jpg]": Object {
    "caseSensitive": undefined,
    "file": "routes/_public-/contact[.jpg].tsx",
    "id": "routes/_public-/contact[.jpg]",
    "index": undefined,
    "parentId": "routes/_public-/_layout",
    "path": "contact.jpg",
  },
  "routes/_public-/index": Object {
    "caseSensitive": undefined,
    "file": "routes/_public-/index.tsx",
    "id": "routes/_public-/index",
    "index": true,
    "parentId": "routes/_public-/_layout",
    "path": undefined,
  },
  "routes/users-/$userId": Object {
    "caseSensitive": undefined,
    "file": "routes/users-/$userId.tsx",
    "id": "routes/users-/$userId",
    "index": undefined,
    "parentId": "routes/users-/route",
    "path": ":userId",
  },
  "routes/users-/$userId_.edit": Object {
    "caseSensitive": undefined,
    "file": "routes/users-/$userId_.edit.tsx",
    "id": "routes/users-/$userId_.edit",
    "index": undefined,
    "parentId": "routes/users-/route",
    "path": ":userId/edit",
  },
  "routes/users-/_layout": Object {
    "caseSensitive": undefined,
    "file": "routes/users-/_layout.tsx",
    "id": "routes/users-/_layout",
    "index": undefined,
    "parentId": "root",
    "path": "users",
  },
  "routes/users-/route": Object {
    "caseSensitive": undefined,
    "file": "routes/users-/route.tsx",
    "id": "routes/users-/route",
    "index": undefined,
    "parentId": "root",
    "path": "users",
  },
}
`;

exports[`define hybrid routes should define routes for hybrid routes 1`] = `
Object {
  "routes/_index/route": Object {
    "caseSensitive": undefined,
    "file": "routes/_index/route.tsx",
    "id": "routes/_index/route",
    "index": true,
    "parentId": "root",
    "path": undefined,
  },
  "routes/_public/_layout": Object {
    "caseSensitive": undefined,
    "file": "routes/_public/_layout.tsx",
    "id": "routes/_public/_layout",
    "index": undefined,
    "parentId": "root",
    "path": undefined,
  },
  "routes/_public/about/route": Object {
    "caseSensitive": undefined,
    "file": "routes/_public/about/route.tsx",
    "id": "routes/_public/about/route",
    "index": undefined,
    "parentId": "routes/_public/_layout",
    "path": "about",
  },
  "routes/_public/contact[.jpg]/route": Object {
    "caseSensitive": undefined,
    "file": "routes/_public/contact[.jpg]/route.tsx",
    "id": "routes/_public/contact[.jpg]/route",
    "index": undefined,
    "parentId": "routes/_public/_layout",
    "path": "contact.jpg",
  },
  "routes/test.$/route": Object {
    "caseSensitive": undefined,
    "file": "routes/test.$/route.tsx",
    "id": "routes/test.$/route",
    "index": undefined,
    "parentId": "root",
    "path": "test/*",
  },
  "routes/users/$userId/route": Object {
    "caseSensitive": undefined,
    "file": "routes/users/$userId/route.tsx",
    "id": "routes/users/$userId/route",
    "index": undefined,
    "parentId": "routes/users/route/route",
    "path": ":userId",
  },
  "routes/users/$userId_.edit/route": Object {
    "caseSensitive": undefined,
    "file": "routes/users/$userId_.edit/route.tsx",
    "id": "routes/users/$userId_.edit/route",
    "index": undefined,
    "parentId": "routes/users/route/route",
    "path": ":userId/edit",
  },
  "routes/users/_layout": Object {
    "caseSensitive": undefined,
    "file": "routes/users/_layout.tsx",
    "id": "routes/users/_layout",
    "index": undefined,
    "parentId": "root",
    "path": "users",
  },
  "routes/users/route/route": Object {
    "caseSensitive": undefined,
    "file": "routes/users/route/route.tsx",
    "id": "routes/users/route/route",
    "index": undefined,
    "parentId": "root",
    "path": "users",
  },
}
`;

exports[`define ignored routes should ignore routes for flat-files 1`] = `
Object {
  "routes/$lang.$ref": Object {
    "caseSensitive": undefined,
    "file": "routes/$lang.$ref.tsx",
    "id": "routes/$lang.$ref",
    "index": undefined,
    "parentId": "root",
    "path": ":lang/:ref",
  },
  "routes/$lang.$ref.$": Object {
    "caseSensitive": undefined,
    "file": "routes/$lang.$ref.$.tsx",
    "id": "routes/$lang.$ref.$",
    "index": undefined,
    "parentId": "routes/$lang.$ref",
    "path": "*",
  },
  "routes/$lang.$ref._index": Object {
    "caseSensitive": undefined,
    "file": "routes/$lang.$ref._index.tsx",
    "id": "routes/$lang.$ref._index",
    "index": true,
    "parentId": "routes/$lang.$ref",
    "path": undefined,
  },
  "routes/_index": Object {
    "caseSensitive": undefined,
    "file": "routes/_index.tsx",
    "id": "routes/_index",
    "index": true,
    "parentId": "root",
    "path": undefined,
  },
  "routes/healthcheck": Object {
    "caseSensitive": undefined,
    "file": "routes/healthcheck.tsx",
    "id": "routes/healthcheck",
    "index": undefined,
    "parentId": "root",
    "path": "healthcheck",
  },
}
`;

exports[`define routes should allow routes to specify different parent routes 1`] = `
Object {
  "routes/parent": Object {
    "caseSensitive": undefined,
    "file": "routes/parent.tsx",
    "id": "routes/parent",
    "index": undefined,
    "parentId": "root",
    "path": "parent",
  },
  "routes/parent.some.nested": Object {
    "caseSensitive": undefined,
    "file": "routes/parent.some.nested.tsx",
    "id": "routes/parent.some.nested",
    "index": undefined,
    "parentId": "routes/parent",
    "path": "some/nested",
  },
  "routes/parent.some_.nested.page": Object {
    "caseSensitive": undefined,
    "file": "routes/parent.some_.nested.page.tsx",
    "id": "routes/parent.some_.nested.page",
    "index": undefined,
    "parentId": "routes/parent",
    "path": "some/nested/page",
  },
}
`;

exports[`define routes should correctly nest routes 1`] = `
Object {
  "routes/app.$organizationSlug": Object {
    "caseSensitive": undefined,
    "file": "routes/app.$organizationSlug.tsx",
    "id": "routes/app.$organizationSlug",
    "index": undefined,
    "parentId": "root",
    "path": "app/:organizationSlug",
  },
  "routes/app.$organizationSlug.edit": Object {
    "caseSensitive": undefined,
    "file": "routes/app.$organizationSlug.edit.tsx",
    "id": "routes/app.$organizationSlug.edit",
    "index": undefined,
    "parentId": "routes/app.$organizationSlug",
    "path": "edit",
  },
  "routes/app.$organizationSlug.projects": Object {
    "caseSensitive": undefined,
    "file": "routes/app.$organizationSlug.projects.tsx",
    "id": "routes/app.$organizationSlug.projects",
    "index": undefined,
    "parentId": "routes/app.$organizationSlug",
    "path": "projects",
  },
  "routes/app.$organizationSlug.projects.$projectId": Object {
    "caseSensitive": undefined,
    "file": "routes/app.$organizationSlug.projects.$projectId.tsx",
    "id": "routes/app.$organizationSlug.projects.$projectId",
    "index": undefined,
    "parentId": "routes/app.$organizationSlug.projects",
    "path": ":projectId",
  },
  "routes/app.$organizationSlug.projects.$projectId.edit": Object {
    "caseSensitive": undefined,
    "file": "routes/app.$organizationSlug.projects.$projectId.edit.tsx",
    "id": "routes/app.$organizationSlug.projects.$projectId.edit",
    "index": undefined,
    "parentId": "routes/app.$organizationSlug.projects.$projectId",
    "path": "edit",
  },
  "routes/app.$organizationSlug.projects.new": Object {
    "caseSensitive": undefined,
    "file": "routes/app.$organizationSlug.projects.new.tsx",
    "id": "routes/app.$organizationSlug.projects.new",
    "index": undefined,
    "parentId": "routes/app.$organizationSlug.projects",
    "path": "new",
  },
}
`;

exports[`define routes should define routes for complex structure 1`] = `
Object {
  "routes/_auth": Object {
    "caseSensitive": undefined,
    "file": "routes/_auth.tsx",
    "id": "routes/_auth",
    "index": undefined,
    "parentId": "root",
    "path": undefined,
  },
  "routes/_auth.forgot-password": Object {
    "caseSensitive": undefined,
    "file": "routes/_auth.forgot-password.tsx",
    "id": "routes/_auth.forgot-password",
    "index": undefined,
    "parentId": "routes/_auth",
    "path": "forgot-password",
  },
  "routes/_auth.login": Object {
    "caseSensitive": undefined,
    "file": "routes/_auth.login.tsx",
    "id": "routes/_auth.login",
    "index": undefined,
    "parentId": "routes/_auth",
    "path": "login",
  },
  "routes/_auth.reset-password": Object {
    "caseSensitive": undefined,
    "file": "routes/_auth.reset-password.tsx",
    "id": "routes/_auth.reset-password",
    "index": undefined,
    "parentId": "routes/_auth",
    "path": "reset-password",
  },
  "routes/_auth.signup": Object {
    "caseSensitive": undefined,
    "file": "routes/_auth.signup.tsx",
    "id": "routes/_auth.signup",
    "index": undefined,
    "parentId": "routes/_auth",
    "path": "signup",
  },
  "routes/_landing": Object {
    "caseSensitive": undefined,
    "file": "routes/_landing.tsx",
    "id": "routes/_landing",
    "index": undefined,
    "parentId": "root",
    "path": undefined,
  },
  "routes/_landing.about": Object {
    "caseSensitive": undefined,
    "file": "routes/_landing.about.tsx",
    "id": "routes/_landing.about",
    "index": undefined,
    "parentId": "routes/_landing",
    "path": "about",
  },
  "routes/_landing.index": Object {
    "caseSensitive": undefined,
    "file": "routes/_landing.index.tsx",
    "id": "routes/_landing.index",
    "index": true,
    "parentId": "routes/_landing",
    "path": undefined,
  },
  "routes/app": Object {
    "caseSensitive": undefined,
    "file": "routes/app.tsx",
    "id": "routes/app",
    "index": undefined,
    "parentId": "root",
    "path": "app",
  },
  "routes/app.calendar": Object {
    "caseSensitive": undefined,
    "file": "routes/app.calendar.tsx",
    "id": "routes/app.calendar",
    "index": undefined,
    "parentId": "routes/app",
    "path": "calendar",
  },
  "routes/app.calendar.$day": Object {
    "caseSensitive": undefined,
    "file": "routes/app.calendar.$day.tsx",
    "id": "routes/app.calendar.$day",
    "index": undefined,
    "parentId": "routes/app.calendar",
    "path": ":day",
  },
  "routes/app.calendar.index": Object {
    "caseSensitive": undefined,
    "file": "routes/app.calendar.index.tsx",
    "id": "routes/app.calendar.index",
    "index": true,
    "parentId": "routes/app.calendar",
    "path": undefined,
  },
  "routes/app.projects": Object {
    "caseSensitive": undefined,
    "file": "routes/app.projects.tsx",
    "id": "routes/app.projects",
    "index": undefined,
    "parentId": "routes/app",
    "path": "projects",
  },
  "routes/app.projects.$id": Object {
    "caseSensitive": undefined,
    "file": "routes/app.projects.$id.tsx",
    "id": "routes/app.projects.$id",
    "index": undefined,
    "parentId": "routes/app.projects",
    "path": ":id",
  },
  "routes/app_.projects.$id.roadmap": Object {
    "caseSensitive": undefined,
    "file": "routes/app_.projects.$id.roadmap.tsx",
    "id": "routes/app_.projects.$id.roadmap",
    "index": undefined,
    "parentId": "root",
    "path": "app/projects/:id/roadmap",
  },
  "routes/app_.projects.$id.roadmap[.pdf]": Object {
    "caseSensitive": undefined,
    "file": "routes/app_.projects.$id.roadmap[.pdf].tsx",
    "id": "routes/app_.projects.$id.roadmap[.pdf]",
    "index": undefined,
    "parentId": "root",
    "path": "app/projects/:id/roadmap.pdf",
  },
}
`;

exports[`define routes should define routes for flat-files 1`] = `
Object {
  "routes/$lang.$ref": Object {
    "caseSensitive": undefined,
    "file": "routes/$lang.$ref.tsx",
    "id": "routes/$lang.$ref",
    "index": undefined,
    "parentId": "root",
    "path": ":lang/:ref",
  },
  "routes/$lang.$ref.$": Object {
    "caseSensitive": undefined,
    "file": "routes/$lang.$ref.$.tsx",
    "id": "routes/$lang.$ref.$",
    "index": undefined,
    "parentId": "routes/$lang.$ref",
    "path": "*",
  },
  "routes/$lang.$ref._index": Object {
    "caseSensitive": undefined,
    "file": "routes/$lang.$ref._index.tsx",
    "id": "routes/$lang.$ref._index",
    "index": true,
    "parentId": "routes/$lang.$ref",
    "path": undefined,
  },
  "routes/_index": Object {
    "caseSensitive": undefined,
    "file": "routes/_index.tsx",
    "id": "routes/_index",
    "index": true,
    "parentId": "root",
    "path": undefined,
  },
  "routes/healthcheck": Object {
    "caseSensitive": undefined,
    "file": "routes/healthcheck.tsx",
    "id": "routes/healthcheck",
    "index": undefined,
    "parentId": "root",
    "path": "healthcheck",
  },
}
`;

exports[`define routes should define routes for flat-folders 1`] = `
Object {
  "routes/$lang.$ref.$/route": Object {
    "caseSensitive": undefined,
    "file": "routes/$lang.$ref.$/route.tsx",
    "id": "routes/$lang.$ref.$/route",
    "index": undefined,
    "parentId": "routes/$lang.$ref/route",
    "path": "*",
  },
  "routes/$lang.$ref._index/route": Object {
    "caseSensitive": undefined,
    "file": "routes/$lang.$ref._index/route.tsx",
    "id": "routes/$lang.$ref._index/route",
    "index": true,
    "parentId": "routes/$lang.$ref/route",
    "path": undefined,
  },
  "routes/$lang.$ref/route": Object {
    "caseSensitive": undefined,
    "file": "routes/$lang.$ref/route.tsx",
    "id": "routes/$lang.$ref/route",
    "index": undefined,
    "parentId": "root",
    "path": ":lang/:ref",
  },
  "routes/_index/route": Object {
    "caseSensitive": undefined,
    "file": "routes/_index/route.tsx",
    "id": "routes/_index/route",
    "index": true,
    "parentId": "root",
    "path": undefined,
  },
  "routes/healthcheck/route": Object {
    "caseSensitive": undefined,
    "file": "routes/healthcheck/route.tsx",
    "id": "routes/healthcheck/route",
    "index": undefined,
    "parentId": "root",
    "path": "healthcheck",
  },
}
`;

exports[`define routes should define routes for flat-folders on Windows 1`] = `
Object {
  "routes/$lang.$ref.$/route": Object {
    "caseSensitive": undefined,
    "file": "routes/$lang.$ref.$/route.tsx",
    "id": "routes/$lang.$ref.$/route",
    "index": undefined,
    "parentId": "routes/$lang.$ref/route",
    "path": "*",
  },
  "routes/$lang.$ref._index/route": Object {
    "caseSensitive": undefined,
    "file": "routes/$lang.$ref._index/route.tsx",
    "id": "routes/$lang.$ref._index/route",
    "index": true,
    "parentId": "routes/$lang.$ref/route",
    "path": undefined,
  },
  "routes/$lang.$ref/route": Object {
    "caseSensitive": undefined,
    "file": "routes/$lang.$ref/route.tsx",
    "id": "routes/$lang.$ref/route",
    "index": undefined,
    "parentId": "root",
    "path": ":lang/:ref",
  },
  "routes/_index/route": Object {
    "caseSensitive": undefined,
    "file": "routes/_index/route.tsx",
    "id": "routes/_index/route",
    "index": true,
    "parentId": "root",
    "path": undefined,
  },
  "routes/healthcheck/route": Object {
    "caseSensitive": undefined,
    "file": "routes/healthcheck/route.tsx",
    "id": "routes/healthcheck/route",
    "index": undefined,
    "parentId": "root",
    "path": "healthcheck",
  },
}
`;

exports[`define routes should handle params with trailing underscore 1`] = `
Object {
  "routes/app.$organizationSlug_._projects": Object {
    "caseSensitive": undefined,
    "file": "routes/app.$organizationSlug_._projects.tsx",
    "id": "routes/app.$organizationSlug_._projects",
    "index": undefined,
    "parentId": "root",
    "path": "app/:organizationSlug",
  },
  "routes/app.$organizationSlug_._projects.projects.$projectId": Object {
    "caseSensitive": undefined,
    "file": "routes/app.$organizationSlug_._projects.projects.$projectId.tsx",
    "id": "routes/app.$organizationSlug_._projects.projects.$projectId",
    "index": undefined,
    "parentId": "routes/app.$organizationSlug_._projects",
    "path": "projects/:projectId",
  },
  "routes/app.$organizationSlug_._projects.projects.$projectId.edit": Object {
    "caseSensitive": undefined,
    "file": "routes/app.$organizationSlug_._projects.projects.$projectId.edit.tsx",
    "id": "routes/app.$organizationSlug_._projects.projects.$projectId.edit",
    "index": undefined,
    "parentId": "routes/app.$organizationSlug_._projects.projects.$projectId",
    "path": "edit",
  },
  "routes/app.$organizationSlug_._projects.projects.new": Object {
    "caseSensitive": undefined,
    "file": "routes/app.$organizationSlug_._projects.projects.new.tsx",
    "id": "routes/app.$organizationSlug_._projects.projects.new",
    "index": undefined,
    "parentId": "routes/app.$organizationSlug_._projects",
    "path": "projects/new",
  },
}
`;

exports[`define routes should ignore non-route files in flat-folders 1`] = `
Object {
  "routes/$lang.$ref._index/route": Object {
    "caseSensitive": undefined,
    "file": "routes/$lang.$ref._index/route.tsx",
    "id": "routes/$lang.$ref._index/route",
    "index": true,
    "parentId": "routes/$lang.$ref/_layout",
    "path": undefined,
  },
  "routes/$lang.$ref/_layout": Object {
    "caseSensitive": undefined,
    "file": "routes/$lang.$ref/_layout.tsx",
    "id": "routes/$lang.$ref/_layout",
    "index": undefined,
    "parentId": "root",
    "path": ":lang/:ref",
  },
  "routes/_index/route": Object {
    "caseSensitive": undefined,
    "file": "routes/_index/route.tsx",
    "id": "routes/_index/route",
    "index": true,
    "parentId": "root",
    "path": undefined,
  },
  "routes/healthcheck/route": Object {
    "caseSensitive": undefined,
    "file": "routes/healthcheck/route.tsx",
    "id": "routes/healthcheck/route",
    "index": undefined,
    "parentId": "root",
    "path": "healthcheck",
  },
}
`;

exports[`define routes should support markdown routes as flat-files 1`] = `
Object {
  "routes/docs": Object {
    "caseSensitive": undefined,
    "file": "routes/docs.tsx",
    "id": "routes/docs",
    "index": undefined,
    "parentId": "root",
    "path": "docs",
  },
  "routes/docs.readme": Object {
    "caseSensitive": undefined,
    "file": "routes/docs.readme.md",
    "id": "routes/docs.readme",
    "index": undefined,
    "parentId": "routes/docs",
    "path": "readme",
  },
}
`;

exports[`define routes should support markdown routes as flat-folders 1`] = `
Object {
  "routes/docs/_layout": Object {
    "caseSensitive": undefined,
    "file": "routes/docs/_layout.tsx",
    "id": "routes/docs/_layout",
    "index": undefined,
    "parentId": "root",
    "path": "docs",
  },
  "routes/docs/readme.route": Object {
    "caseSensitive": undefined,
    "file": "routes/docs/readme.route.mdx",
    "id": "routes/docs/readme.route",
    "index": undefined,
    "parentId": "routes/docs/_layout",
    "path": "readme",
  },
}
`;

exports[`support routeRegex should accept a function that returns a regex 1`] = `
Object {
  "routes/$lang.$ref": Object {
    "caseSensitive": undefined,
    "file": "routes/$lang.$ref.tsx",
    "id": "routes/$lang.$ref",
    "index": undefined,
    "parentId": "root",
    "path": ":lang/:ref",
  },
  "routes/$lang.$ref.$": Object {
    "caseSensitive": undefined,
    "file": "routes/$lang.$ref.$.tsx",
    "id": "routes/$lang.$ref.$",
    "index": undefined,
    "parentId": "routes/$lang.$ref",
    "path": "*",
  },
  "routes/$lang.$ref._index": Object {
    "caseSensitive": undefined,
    "file": "routes/$lang.$ref._index.tsx",
    "id": "routes/$lang.$ref._index",
    "index": true,
    "parentId": "routes/$lang.$ref",
    "path": undefined,
  },
  "routes/_auth+/forgot-password": Object {
    "caseSensitive": undefined,
    "file": "routes/_auth+/forgot-password.tsx",
    "id": "routes/_auth+/forgot-password",
    "index": undefined,
    "parentId": "root",
    "path": "forgot-password",
  },
  "routes/_auth+/login": Object {
    "caseSensitive": undefined,
    "file": "routes/_auth+/login.tsx",
    "id": "routes/_auth+/login",
    "index": undefined,
    "parentId": "root",
    "path": "login",
  },
  "routes/_index": Object {
    "caseSensitive": undefined,
    "file": "routes/_index.tsx",
    "id": "routes/_index",
    "index": true,
    "parentId": "root",
    "path": undefined,
  },
  "routes/_public+/_layout": Object {
    "caseSensitive": undefined,
    "file": "routes/_public+/_layout.tsx",
    "id": "routes/_public+/_layout",
    "index": undefined,
    "parentId": "root",
    "path": undefined,
  },
  "routes/_public+/about": Object {
    "caseSensitive": undefined,
    "file": "routes/_public+/about.tsx",
    "id": "routes/_public+/about",
    "index": undefined,
    "parentId": "routes/_public+/_layout",
    "path": "about",
  },
  "routes/_public+/contact[.jpg]": Object {
    "caseSensitive": undefined,
    "file": "routes/_public+/contact[.jpg].tsx",
    "id": "routes/_public+/contact[.jpg]",
    "index": undefined,
    "parentId": "routes/_public+/_layout",
    "path": "contact.jpg",
  },
  "routes/_public+/index": Object {
    "caseSensitive": undefined,
    "file": "routes/_public+/index.tsx",
    "id": "routes/_public+/index",
    "index": true,
    "parentId": "routes/_public+/_layout",
    "path": undefined,
  },
  "routes/healthcheck": Object {
    "caseSensitive": undefined,
    "file": "routes/healthcheck.tsx",
    "id": "routes/healthcheck",
    "index": undefined,
    "parentId": "root",
    "path": "healthcheck",
  },
  "routes/users+/$userId": Object {
    "caseSensitive": undefined,
    "file": "routes/users+/$userId.tsx",
    "id": "routes/users+/$userId",
    "index": undefined,
    "parentId": "routes/users+/route",
    "path": ":userId",
  },
  "routes/users+/$userId_.edit": Object {
    "caseSensitive": undefined,
    "file": "routes/users+/$userId_.edit.tsx",
    "id": "routes/users+/$userId_.edit",
    "index": undefined,
    "parentId": "routes/users+/route",
    "path": ":userId/edit",
  },
  "routes/users+/_layout": Object {
    "caseSensitive": undefined,
    "file": "routes/users+/_layout.tsx",
    "id": "routes/users+/_layout",
    "index": undefined,
    "parentId": "root",
    "path": "users",
  },
  "routes/users+/route": Object {
    "caseSensitive": undefined,
    "file": "routes/users+/route.tsx",
    "id": "routes/users+/route",
    "index": undefined,
    "parentId": "root",
    "path": "users",
  },
}
`;

exports[`support routeRegex should accept a regex 1`] = `
Object {
  "routes/$lang.$ref": Object {
    "caseSensitive": undefined,
    "file": "routes/$lang.$ref.tsx",
    "id": "routes/$lang.$ref",
    "index": undefined,
    "parentId": "root",
    "path": ":lang/:ref",
  },
  "routes/$lang.$ref.$": Object {
    "caseSensitive": undefined,
    "file": "routes/$lang.$ref.$.tsx",
    "id": "routes/$lang.$ref.$",
    "index": undefined,
    "parentId": "routes/$lang.$ref",
    "path": "*",
  },
  "routes/$lang.$ref._index": Object {
    "caseSensitive": undefined,
    "file": "routes/$lang.$ref._index.tsx",
    "id": "routes/$lang.$ref._index",
    "index": true,
    "parentId": "routes/$lang.$ref",
    "path": undefined,
  },
  "routes/_auth+/forgot-password": Object {
    "caseSensitive": undefined,
    "file": "routes/_auth+/forgot-password.tsx",
    "id": "routes/_auth+/forgot-password",
    "index": undefined,
    "parentId": "root",
    "path": "forgot-password",
  },
  "routes/_auth+/login": Object {
    "caseSensitive": undefined,
    "file": "routes/_auth+/login.tsx",
    "id": "routes/_auth+/login",
    "index": undefined,
    "parentId": "root",
    "path": "login",
  },
  "routes/_index": Object {
    "caseSensitive": undefined,
    "file": "routes/_index.tsx",
    "id": "routes/_index",
    "index": true,
    "parentId": "root",
    "path": undefined,
  },
  "routes/_public+/_layout": Object {
    "caseSensitive": undefined,
    "file": "routes/_public+/_layout.tsx",
    "id": "routes/_public+/_layout",
    "index": undefined,
    "parentId": "root",
    "path": undefined,
  },
  "routes/_public+/about": Object {
    "caseSensitive": undefined,
    "file": "routes/_public+/about.tsx",
    "id": "routes/_public+/about",
    "index": undefined,
    "parentId": "routes/_public+/_layout",
    "path": "about",
  },
  "routes/_public+/contact[.jpg]": Object {
    "caseSensitive": undefined,
    "file": "routes/_public+/contact[.jpg].tsx",
    "id": "routes/_public+/contact[.jpg]",
    "index": undefined,
    "parentId": "routes/_public+/_layout",
    "path": "contact.jpg",
  },
  "routes/_public+/index": Object {
    "caseSensitive": undefined,
    "file": "routes/_public+/index.tsx",
    "id": "routes/_public+/index",
    "index": true,
    "parentId": "routes/_public+/_layout",
    "path": undefined,
  },
  "routes/healthcheck": Object {
    "caseSensitive": undefined,
    "file": "routes/healthcheck.tsx",
    "id": "routes/healthcheck",
    "index": undefined,
    "parentId": "root",
    "path": "healthcheck",
  },
  "routes/users+/$userId": Object {
    "caseSensitive": undefined,
    "file": "routes/users+/$userId.tsx",
    "id": "routes/users+/$userId",
    "index": undefined,
    "parentId": "routes/users+/route",
    "path": ":userId",
  },
  "routes/users+/$userId_.edit": Object {
    "caseSensitive": undefined,
    "file": "routes/users+/$userId_.edit.tsx",
    "id": "routes/users+/$userId_.edit",
    "index": undefined,
    "parentId": "routes/users+/route",
    "path": ":userId/edit",
  },
  "routes/users+/_layout": Object {
    "caseSensitive": undefined,
    "file": "routes/users+/_layout.tsx",
    "id": "routes/users+/_layout",
    "index": undefined,
    "parentId": "root",
    "path": "users",
  },
  "routes/users+/route": Object {
    "caseSensitive": undefined,
    "file": "routes/users+/route.tsx",
    "id": "routes/users+/route",
    "index": undefined,
    "parentId": "root",
    "path": "users",
  },
}
`;
